// Jest Snapshot v1, https://goo.gl/fbAQLP

exports[`Test en <GifItem /> debe de hacer match con el snapshot 1`] = `
<div>
  <div
    class="card"
  >
    <img
      alt="Dota"
      src="https://localhost/dota.jpg"
    />
    <p>
      Dota
    </p>
  </div>
</div>
`;
